{
  "group": "A",
  "mode": "bit",
  "n": 100,
  "clean_diverge": 5,
  "masked": 88,
  "exit_diverge": 0,
  "no_output": 7,
  "diverge_rate": 0.05,
  "wilson_low": 0.0215,
  "wilson_high": 0.1118,
  "seed": 42,
  "jobs": 3,
  "host": "local-0103-gem5",
  "gem5_note": "gem5 O3 model, not TSV110 RTL"
}
saved -> output/experiments/exp01-baseline-repro/sim_A_bit.json
{
  "group": "B",
  "mode": "bit",
  "n": 100,
  "clean_diverge": 7,
  "masked": 89,
  "exit_diverge": 0,
  "no_output": 4,
  "diverge_rate": 0.07,
  "wilson_low": 0.0343,
  "wilson_high": 0.1375,
  "seed": 42,
  "jobs": 3,
  "host": "local-0103-gem5",
  "gem5_note": "gem5 O3 model, not TSV110 RTL"
}
saved -> output/experiments/exp01-baseline-repro/sim_B_bit.json
{
  "A": {
    "group": "A",
    "mode": "bit",
    "n": 100,
    "clean_diverge": 5,
    "masked": 88,
    "exit_diverge": 0,
    "no_output": 7,
    "diverge_rate": 0.05,
    "wilson_low": 0.0215,
    "wilson_high": 0.1118,
    "seed": 42,
    "jobs": 3,
    "host": "local-0103-gem5",
    "gem5_note": "gem5 O3 model, not TSV110 RTL"
  },
  "B": {
    "group": "B",
    "mode": "bit",
    "n": 100,
    "clean_diverge": 7,
    "masked": 89,
    "exit_diverge": 0,
    "no_output": 4,
    "diverge_rate": 0.07,
    "wilson_low": 0.0343,
    "wilson_high": 0.1375,
    "seed": 42,
    "jobs": 3,
    "host": "local-0103-gem5",
    "gem5_note": "gem5 O3 model, not TSV110 RTL"
  },
  "B_over_A_ratio": 1.4,
  "fisher_p": 0.76734,
  "verdict": "NOT_REPRODUCED(诚实记录)",
  "note": "gem5 O3 model, not TSV110 RTL; 对照 F3: A=3.9%, B=8.0%"
}
